---
source: src/ui/reader/snapshot_tests.rs
assertion_line: 113
expression: reader.terminal.backend()
---
"                         Accessible EPUB 3                           ~1m left 0%"
"                                                                                "
"                                                                                "
"                            [[Image: First Edition]]                            "
"                                                                                "
"                                       ***                                      "
"                                                                                "
"                                                                                "
"                                                                                "
"                  ┌Help (?)──────────────────────────────────┐                  "
"                  │ Windows & Tools:                         │                  "
"                  │   B                 Bookmarks            │                  "
"                  │   e                 Edit Bookmark Label  │                  "
"                  └ /bookmark█ ──────────────────────────────┘                  "
"                                                                                "
"                                                                                "
"                                                                                "
"                                                                                "
"                                                                                "
"                                                                                "
"                                                                                "
"                                                                                "
"                                                                                "
"                                                                                "
