---
source: src/ui/reader/snapshot_tests.rs
expression: reader.terminal.backend()
---
"                   Accessible EPUB 3                     links:2 (u) ~1m left 0%"
"                                                                                "
"                                                                                "
"                                                                                "
"            O’Reilly books may be purchased for educational, busi-              "
"            ness, or sales promotional use. Online editions are                 "
"            also available for most titles ([http://my.safaribook-              "
"            sonline.com]). For more information, contact our corpo-             "
"            rate/institutional sales department: (800) 998-9938 or              "
"            [corporate@oreilly.com].                                            "
"                                                                                "
"            Nutshell Handbook, the Nutshell Handbook logo, and the              "
"            O’Reilly logo are registered trademarks of O’Reilly                 "
"            Media, Inc. Accessible EPUB 3 and related trade dress               "
"            are trademarks of O’Reilly Media, Inc.                              "
"                                                                                "
"            Many of the designations used by manufacturers and                  "
"            sellers to distinguish their products are claimed as                "
"            trademarks. Where those designations appear in this                 "
"            book, and O’Reilly Media, Inc. was aware of a trademark             "
"            claim, the designations have been printed in caps or                "
"            initial caps.                                                       "
"                                                                                "
"                                                                                "
