---
source: src/ui/reader/snapshot_tests.rs
expression: reader.terminal.backend()
---
"                         Accessible EPUB 3                           ~1m left 0%"
"                                                                                "
"                                                                                "
"             ┌Library — by recent────────────────────────────────┐              "
"             │HINT: Enter: open  d: delete  s: sort  /: filter   │              "
"             │                                                   │              "
"             │  0% [time]: Accessible EP│                │              "
"             │                                  │▄▄▄▄▄▄▄▄▄▄▄▄▄▄▀▀│              "
"             │                                  │       ▄▄▀▀▀▄▄▄▄│              "
"             │                                  │  ▀▀▀▀▀▀▀▀▄▄  ▄▄│              "
"             │                                  │ ▀▀▀▀▀▀▀▄▄▄▄    │              "
"             │                                  │  ▀▄▄▄▄▄▄▄      │              "
"             │                                  │▀▀▀▀▀▀▀▀▀▀▀▀▀▀▀▀│              "
"             │                                  │ ▄▀▄▀▀▀▀▀▀▀▀▀▀▀ │              "
"             │                                  │ ▄▄▄▄▄▀▄▄▄▄▄▀▀  │              "
"             │                                  │▄▄▄▄▄▄▄▄▄▄▄▄▄▄▄▄│              "
"             │                                  │▀▀▀▀▀      ▀▀▀▀ │              "
"             │                                  │▀▀▀▀▀▀▀▀▀▀▀▀▀▀▀▀│              "
"             │                                  │                │              "
"             │                                  │                │              "
"             └───────────────────────────────────────────────────┘              "
"                                                                                "
"                                                                                "
"                                                                                "
