---
source: src/ui/reader/snapshot_tests.rs
expression: reader.terminal.backend()
---
"                         Accessible EPUB 3                           ~1m left 0%"
"                                                                                "
"                                                                                "
"                            [[Image: First Edition]]                            "
"                                                                                "
"                                       ***                                      "
"                                                                                "
"                                                                                "
"                                                                                "
"                                                                                "
"  ┌──────────────────────────────────────────────────────────────────────────┐  "
"  │calibredb: something went wrong                                           │  "
"  └ press any key to dismiss ────────────────────────────────────────────────┘  "
"                                                                                "
"                                                                                "
"                                                                                "
"                                                                                "
"                                                                                "
"                                                                                "
"                                                                                "
"                                                                                "
"                                                                                "
"                                                                                "
"                                                                                "
