---
source: src/ui/reader/snapshot_tests.rs
expression: reader.terminal.backend()
---
"                         Accessible EPUB 3                           ~1m left 0%"
"                                                                                "
"                                                                                "
"                            ▄▄▄▄▄▄▄▄▄▄▄▄▄▄▄▄▄▄▄▄▄▄▀▀▀                           "
"                                   ▄▄▄▄▄▄▄▀▀▀▀▀▄▄▀▀ ▀                           "
"                                       ▄▄▄▀▀▀▀▀▄▄▄▄▄▄                           "
"                                         ▀▀▄▄▄▄    ▄▄                           "
"                               ▀▀▀▀▀▀▀▀▀▀▀▀▀▀▄                                  "
"                              ▀▀▀▀▄▄▀▀▀▀▄▄▄▄▄▄                                  "
"                              ▄▄▀▀▄▀▀▀▀▀▀▄▄▄                                    "
"                               ▀▄▄▄▄▄▄▄▄▄▄                                      "
"                            ▀▀▀▀▀▀▀▀▀▀▀▀▀▀▀▀▀▀▀▀▀▀▀▀                            "
"                            ▀▀▄▄▀▄▄▄▄▄▄▄▀▀▄▄▄▄▄▄▄▄▀▀                            "
"                             ▄▀▀▄▄▀▄▀▀▀▀▄▀▄▄▀▀▀▀▄▀▀                             "
"                             ▄▄▄▄▄▄▄▄▄▄▄▄▀▀▄▄▀▀▀▀▀▀                             "
"                             ▀▀▀▀▄▀▀▄▀▀▀▀▄ ▀▀▄                                  "
"                            ▄▄▀▄▀▀▄▀▄▄▄▀▀▄▄▄▄▄▄▄▄▄▄▄                            "
"                            ▄▄▄▄▄▄▄▄▄▄▄▄▄▄▄▄▄▄▄▄▄▄▄▄                            "
"                            ▀▀▀▀▀▀▀          ▀▀▀▀▀▀▀                            "
"                            ▄▄▄▄▄▄           ▄▄▄▄▄▄▄                            "
"                                                                                "
"                                       ***                                      "
"                                                                                "
"                                                                                "
