---
source: src/ui/reader/snapshot_tests.rs
expression: reader.terminal.backend()
---
"                         Accessible EPUB 3                           ~1m left 0%"
"                                                                                "
"                                                                                "
"                            [[Image: First Edition]]                            "
"                ┌Table of Contents─────────────────────────────┐                "
"                │No table of contents available                │                "
"                │                                              │                "
"                │Press any key to close                        │                "
"                │                                              │                "
"                │                                              │                "
"                │                                              │                "
"                │                                              │                "
"                │                                              │                "
"                │                                              │                "
"                │                                              │                "
"                │                                              │                "
"                │                                              │                "
"                │                                              │                "
"                │                                              │                "
"                └──────────────────────────────────────────────┘                "
"                                                                                "
"                                                                                "
"                                                                                "
"                                                                                "
