---
source: src/ui/reader/snapshot_tests.rs
expression: reader.terminal.backend()
---
"                         Accessible EPUB 3                           ~1m left 0%"
"                                                                                "
"                                                                                "
"             ┌Library — by recent────────────────────────────────┐              "
"             │HINT: Enter open  c cover  d delete  s sort  / filt│              "
"             │                                                   │              "
"             │  0% [time]: Accessible EPUB 3 - Matt Garri│              "
"             │ new         unread: Scanned Book - Some Author (/s│              "
"             │                                                   │              "
"             │                                                   │              "
"             │                                                   │              "
"             │                                                   │              "
"             │                                                   │              "
"             │                                                   │              "
"             │                                                   │              "
"             │                                                   │              "
"             │                                                   │              "
"             │                                                   │              "
"             │                                                   │              "
"             │                                                   │              "
"             └───────────────────────────────────────────────────┘              "
"                                                                                "
"                                                                                "
"                                                                                "
