---
source: src/ui/reader/snapshot_tests.rs
expression: reader.terminal.backend()
---
"┌ 9781449328030_lrg.jpg ───────────────────────────────────────────────────────┐"
"│                       ▄▄▄▄▄▄▄▄▄▄▄▄▄▄▄▄▄▄▄▄▄▄▄▄▄▄▄▄▄▀▀                        │"
"│                                ▄▄▄▄▄▄▄▄▄▄▄▄▄ ▀▄▄▄▀▀▄▀▀▀                      │"
"│                                      ▀▀▀▀▄▀▀▀▄▄▄▄▄▄▀ ▀▀                      │"
"│                                      ▄▄▄▄▀▀▀▀▀▄   ▄▄▄▀▀                      │"
"│                                         ▀▀▄▀▄▄      ▄▄▄                      │"
"│                            ▀▀▀▀▀▀▀▀▀▀▀▀▀▀▄▀▀▄▄                               │"
"│                          ▀▀▀▄▀▀▀▀▄▄▄▄▄▄▄▄▀▄▄▄                                │"
"│                          ▀▀▄▀▀▀▀▀▀▀▀▀▀▀▀▀▄▄▄▄                                │"
"│                          ▄▄▄▀▀▄▄▀▀ ▀▄▀▀▄▄▄                                   │"
"│                           ▀▀▀▄▄▄▄▄▄▄▄▄▄▄                                     │"
"│                           ▀▄▄▄▀▀      ▀▄                                     │"
"│                       ▀▀▀▀▀▀▀▀▀▀▀▀▀▀▀▀▀▀▀▀▀▀▀▀▀▀▀▀▀▀▀                        │"
"│                          ▄▄▀▀▄▄▄▄▄▄▄▄▄▄▄▄▄▀▄▄▄▄▄▄▄▄▄                         │"
"│                         ▄▀▀▄▄▄▀▄▀▀▄▀▀▀▄▀▀▄▀▀▀▀▀▄▄▀▀▀                         │"
"│                        ▀▀▀▀▀▀▀▀▀▀▀▀▀▀▀▀▀▀▀▀▀▀▀▀▀▀▀▀▀                         │"
"│                        ▀▀▄▀▀▄▀▄▄▄▀▀▀▄▀▄▄ ▀▀▄▄                                │"
"│                         ▄▀▀▄▀▀▀▀▄▄▄▀▄▀▀▄ ▀▀▀▄                                │"
"│                        ▄▀▀▀▀▀▀▄▄▀▀▀▄▀▀▀▀▄▄▄▀▄▄▄▄▄▄▄▄▄                        │"
"│                        ▄▄▄▄▄▄▄▄▄▄▄▄▄▄▄▄▄▄▄▄▄▄▄▄▄▄▄▄▄▄                        │"
"│                                                                              │"
"│                        ▀▀▀▀▀▀▄▄              ▀▀▀▀▀▀▀▀                        │"
"│                           ▄▄▄                         ▄                      │"
"└ Esc/q/Enter close · o external viewer ───────────────────────────────────────┘"
