---
source: src/ui/reader/snapshot_tests.rs
assertion_line: 225
expression: reader.terminal.backend()
---
"                         Accessible EPUB 3                           ~1m left 0%"
"                                                                                "
"                                                                                "
"             ┌Library — by title─────────────────────────────────┐              "
"             │HINT: Enter: open  d: delete  s: sort  /: filter   │              "
"             │                                                   │              "
"             │ new         unread: A Scanned Book - Some Author (│              "
"             │  0% [time]: Accessible EPUB 3 - Matt Garri│              "
"             │                                                   │              "
"             │                                                   │              "
"             │                                                   │              "
"             │                                                   │              "
"             │                                                   │              "
"             │                                                   │              "
"             │                                                   │              "
"             │                                                   │              "
"             │                                                   │              "
"             │                                                   │              "
"             │                                                   │              "
"             │                                                   │              "
"             └───────────────────────────────────────────────────┘              "
"                                                                                "
"                                                                                "
"                                                                                "
