---
source: src/ui/reader/snapshot_tests.rs
expression: reader.terminal.backend()
---
"                         Accessible EPUB 3                           ~1m left 0%"
"                                                                                "
"                                                                                "
"             ┌Library — by title─────────────────────────────────┐              "
"             │HINT: O OPDS  Enter open  c details  f format  m → │              "
"             │                                                   │              "
"             │ new         unread: A Scanned Book - Some Author (│              "
"             │  0% [time]: Accessible EPUB 3 - Matt Garri│              "
"             │                                                   │              "
"             │                                                   │              "
"             │                                                   │              "
"             │                                                   │              "
"             │                                                   │              "
"             │                                                   │              "
"             │                                                   │              "
"             │                                                   │              "
"             │                                                   │              "
"             │                                                   │              "
"             │                                                   │              "
"             │                                                   │              "
"             └───────────────────────────────────────────────────┘              "
"                                                                                "
"                                                                                "
"                                                                                "
