---
source: src/ui/reader/snapshot_tests.rs
assertion_line: 113
expression: reader.terminal.backend()
---
"              Accessible EPUB 3               match 1/2 links:18 (u) ~1m left 2%"
"                                                                                "
"                                                                                "
"     ## Table of Contents                                                       "
"     1. [Preface]                                                               "
"        1. [C┌ Link Preview: Preface ────────────────────────────┐              "
"        2. [U│## Preface                                         │              "
"        3. [S│                                                   │              "
"        4. [H│Accessibility is a difficult concept to define.    │              "
"        5. [A│There’s no single magic bullet solution that will  │              "
"     2. [1. I│make all content accessible to all people. Perhaps │              "
"        1. [T│that’s a strange way to preface a book on          │              "
"        2. [A│accessible practices, but it’s also a reality you  │              "
"     3. [2. B│need to be aware of. Accessible practices change,  │              "
"        1. [A│technologies evolve to solve stubborn problems, and│              "
"           1.│the world becomes a more accessible place all the  │              "
"           2.│time.                                              │              "
"           3.│                                                   │              "
"           4.└───────────────────────────────────────────────────┘              "
"           5.  [Logical Reading Order]                                          "
"           6.  [Sections and Headings]                                          "
"           7.  [Context Changes]                                                "
"                                                                                "
"                                                                                "
